Component: ARM Compiler 5.06 update 5 (build 528) Tool: armlink [4d35e2]

==============================================================================

Section Cross References

    exercise01.o(MyCode) refers to exercise01.o(MyConst) for const_data
    exercise01.o(MyCode) refers to exercise01.o(MyData) for VarData
    exercise01.o(RESET) refers to exercise01.o(.ARM.__at_0x1FFFFC00) for __initial_sp
    exercise01.o(RESET) refers to exercise01.o(MyCode) for Reset_Handler


==============================================================================

Image Symbol Table

    Local Symbols

    Symbol Name                              Value     Ov Type        Size  Object(Section)

    RESET                                    0x00000000   Section      192  exercise01.o(RESET)
    Exercise01.s                             0x00000000   Number         0  exercise01.o ABSOLUTE
    MyCode                                   0x000000c0   Section      104  exercise01.o(MyCode)
    RegInit                                  0x000000e3   Thumb Code    52  exercise01.o(MyCode)
    MyConst                                  0x00000128   Section       16  exercise01.o(MyConst)
    const_data                               0x00000128   Data          16  exercise01.o(MyConst)
    .ARM.__at_0x1FFFFC00                     0x1ffffc00   Section      256  exercise01.o(.ARM.__at_0x1FFFFC00)
    MyData                                   0x1ffffd00   Section        8  exercise01.o(MyData)
    VarData                                  0x1ffffd00   Data           8  exercise01.o(MyData)

    Global Symbols

    Symbol Name                              Value     Ov Type        Size  Object(Section)

    BuildAttributes$$THM_ISAv3M$S$PE$A:L22$X:L11$S22$IEEE1$IW$USESV6$~STKCKD$USESV7$~SHL$OSPACE$EBA8$STANDARDLIB$EABIv2 0x00000000   Number         0  anon$$obj.o ABSOLUTE
    __Vectors                                0x00000000   Data           0  exercise01.o(RESET)
    Reset_Handler                            0x000000c1   Thumb Code    34  exercise01.o(MyCode)
    __Vectors_End                            0x000000c0   Data           0  exercise01.o(RESET)
    __Vectors_Size                           0x000000c0   Number         0  exercise01.o ABSOLUTE
    __initial_sp                             0x1ffffd00   Data           0  exercise01.o(.ARM.__at_0x1FFFFC00)



==============================================================================

Memory Map of the image

  Image Entry point : 0x000000c1

  Load Region LR_1 (Base: 0x00000000, Size: 0x00000240, Max: 0xffffffff, ABSOLUTE)

    Execution Region ER_RO (Exec base: 0x00000000, Load base: 0x00000000, Size: 0x00000138, Max: 0xffffffff, ABSOLUTE)

    Exec Addr    Load Addr    Size         Type   Attr      Idx    E Section Name        Object

    0x00000000   0x00000000   0x000000c0   Data   RO            2    RESET               exercise01.o
    0x000000c0   0x000000c0   0x00000068   Code   RO            1  * MyCode              exercise01.o
    0x00000128   0x00000128   0x00000010   Data   RO            3    MyConst             exercise01.o


    Execution Region ER_RW (Exec base: 0x1ffffc00, Load base: 0x00000138, Size: 0x00000108, Max: 0xffffffff, ABSOLUTE)

    Exec Addr    Load Addr    Size         Type   Attr      Idx    E Section Name        Object

    0x1ffffc00   0x00000138   0x00000100   Data   RW            4    .ARM.__at_0x1FFFFC00  exercise01.o
    0x1ffffd00   0x00000238   0x00000008   Data   RW            5    MyData              exercise01.o


    Execution Region ER_ZI (Exec base: 0x1ffffd08, Load base: 0x00000240, Size: 0x00000000, Max: 0xffffffff, ABSOLUTE)

    **** No section assigned to this execution region ****


==============================================================================

Image component sizes


      Code (inc. data)   RO Data    RW Data    ZI Data      Debug   Object Name

       104         18        208        264          0        408   exercise01.o

    ----------------------------------------------------------------------
       104         18        208        264          0        408   Object Totals
         0          0          0          0          0          0   (incl. Generated)
         0          0          0          0          0          0   (incl. Padding)

    ----------------------------------------------------------------------
         0          0          0          0          0          0   Library Totals
         0          0          0          0          0          0   (incl. Padding)

    ----------------------------------------------------------------------

==============================================================================


      Code (inc. data)   RO Data    RW Data    ZI Data      Debug   

       104         18        208        264          0        408   Grand Totals
       104         18        208        264          0        408   ELF Image Totals
       104         18        208        264          0          0   ROM Totals

==============================================================================

    Total RO  Size (Code + RO Data)                  312 (   0.30kB)
    Total RW  Size (RW Data + ZI Data)               264 (   0.26kB)
    Total ROM Size (Code + RO Data + RW Data)        576 (   0.56kB)

==============================================================================

